[    0.000000] Initializing cgroup subsys cpuset
[    0.000000] Initializing cgroup subsys cpu
[    0.000000] Initializing cgroup subsys cpuacct
[    0.000000] Linux version 4.4.0-201-generic (buildd@lgw01-amd64-044) (gcc version 5.4.0 20160609 (Ubuntu 5.4.0-6ubuntu1~16.04.12) ) #233-Ubuntu SMP Thu Jan 14 06:10:28 UTC 2021 (Ubuntu 4.4.0-201.233-generic 4.4.247)
[    0.000000] Command line: BOOT_IMAGE=/boot/vmlinuz-4.4.0-201-generic root=LABEL=cloudimg-rootfs ro console=tty1 console=ttyS0
[    0.000000] KERNEL supported cpus:
[    0.000000]   Intel GenuineIntel
[    0.000000]   AMD AuthenticAMD
[    0.000000]   Centaur CentaurHauls
[    0.000000] x86/fpu: xstate_offset[2]:  576, xstate_sizes[2]:  256
[    0.000000] x86/fpu: Supporting XSAVE feature 0x01: 'x87 floating point registers'
[    0.000000] x86/fpu: Supporting XSAVE feature 0x02: 'SSE registers'
[    0.000000] x86/fpu: Supporting XSAVE feature 0x04: 'AVX registers'
[    0.000000] x86/fpu: Enabled xstate features 0x7, context size is 832 bytes, using 'standard' format.
[    0.000000] e820: BIOS-provided physical RAM map:
[    0.000000] BIOS-e820: [mem 0x0000000000000000-0x000000000009fbff] usable
[    0.000000] BIOS-e820: [mem 0x000000000009fc00-0x000000000009ffff] reserved
[    0.000000] BIOS-e820: [mem 0x00000000000f0000-0x00000000000fffff] reserved
[    0.000000] BIOS-e820: [mem 0x0000000000100000-0x000000003ffeffff] usable
[    0.000000] BIOS-e820: [mem 0x000000003fff0000-0x000000003fffffff] ACPI data
[    0.000000] BIOS-e820: [mem 0x00000000fec00000-0x00000000fec00fff] reserved
[    0.000000] BIOS-e820: [mem 0x00000000fee00000-0x00000000fee00fff] reserved
[    0.000000] BIOS-e820: [mem 0x00000000fffc0000-0x00000000ffffffff] reserved
[    0.000000] NX (Execute Disable) protection: active
[    0.000000] SMBIOS 2.5 present.
[    0.000000] Hypervisor detected: KVM
[    0.000000] e820: last_pfn = 0x3fff0 max_arch_pfn = 0x400000000
[    0.000000] MTRR: Disabled
[    0.000000] x86/PAT: MTRRs disabled, skipping PAT initialization too.
[    0.000000] CPU MTRRs all blank - virtualized system.
[    0.000000] x86/PAT: Configuration [0-7]: WB  WT  UC- UC  WB  WT  UC- UC  
[    0.000000] found SMP MP-table at [mem 0x0009fff0-0x0009ffff] mapped at [ffff88000009fff0]
[    0.000000] Scanning 1 areas for low memory corruption
[    0.000000] RAMDISK: [mem 0x362dc000-0x37165fff]
[    0.000000] ACPI: Early table checksum verification disabled
[    0.000000] ACPI: RSDP 0x00000000000E0000 000024 (v02 VBOX  )
[    0.000000] ACPI: XSDT 0x000000003FFF0030 00003C (v01 VBOX   VBOXXSDT 00000001 ASL  00000061)
[    0.000000] ACPI: FACP 0x000000003FFF00F0 0000F4 (v04 VBOX   VBOXFACP 00000001 ASL  00000061)
[    0.000000] ACPI: DSDT 0x000000003FFF0470 002325 (v02 VBOX   VBOXBIOS 00000002 INTL 20190509)
[    0.000000] ACPI: FACS 0x000000003FFF0200 000040
[    0.000000] ACPI: FACS 0x000000003FFF0200 000040
[    0.000000] ACPI: APIC 0x000000003FFF0240 00005C (v02 VBOX   VBOXAPIC 00000001 ASL  00000061)
[    0.000000] ACPI: SSDT 0x000000003FFF02A0 0001CC (v01 VBOX   VBOXCPUT 00000002 INTL 20190509)
[    0.000000] No NUMA configuration found
[    0.000000] Faking a node at [mem 0x0000000000000000-0x000000003ffeffff]
[    0.000000] NODE_DATA(0) allocated [mem 0x3ffeb000-0x3ffeffff]
[    0.000000] kvm-clock: Using msrs 4b564d01 and 4b564d00
[    0.000000] kvm-clock: cpu 0, msr 0:3ffe3001, primary cpu clock
[    0.000000] kvm-clock: using sched offset of 6625360700 cycles
[    0.000000] clocksource: kvm-clock: mask: 0xffffffffffffffff max_cycles: 0x1cd42e4dffb, max_idle_ns: 881590591483 ns
[    0.000000] Zone ranges:
[    0.000000]   DMA      [mem 0x0000000000001000-0x0000000000ffffff]
[    0.000000]   DMA32    [mem 0x0000000001000000-0x000000003ffeffff]
[    0.000000]   Normal   empty
[    0.000000]   Device   empty
[    0.000000] Movable zone start for each node
[    0.000000] Early memory node ranges
[    0.000000]   node   0: [mem 0x0000000000001000-0x000000000009efff]
[    0.000000]   node   0: [mem 0x0000000000100000-0x000000003ffeffff]
[    0.000000] Initmem setup node 0 [mem 0x0000000000001000-0x000000003ffeffff]
[    0.000000] ACPI: PM-Timer IO Port: 0x4008
[    0.000000] IOAPIC[0]: apic_id 2, version 32, address 0xfec00000, GSI 0-23
[    0.000000] ACPI: INT_SRC_OVR (bus 0 bus_irq 0 global_irq 2 dfl dfl)
[    0.000000] ACPI: INT_SRC_OVR (bus 0 bus_irq 9 global_irq 9 low level)
[    0.000000] Using ACPI (MADT) for SMP configuration information
[    0.000000] smpboot: Allowing 2 CPUs, 0 hotplug CPUs
[    0.000000] PM: Registered nosave memory: [mem 0x00000000-0x00000fff]
[    0.000000] PM: Registered nosave memory: [mem 0x0009f000-0x0009ffff]
[    0.000000] PM: Registered nosave memory: [mem 0x000a0000-0x000effff]
[    0.000000] PM: Registered nosave memory: [mem 0x000f0000-0x000fffff]
[    0.000000] e820: [mem 0x40000000-0xfebfffff] available for PCI devices
[    0.000000] Booting paravirtualized kernel on KVM
[    0.000000] clocksource: refined-jiffies: mask: 0xffffffff max_cycles: 0xffffffff, max_idle_ns: 7645519600211568 ns
[    0.000000] setup_percpu: NR_CPUS:512 nr_cpumask_bits:512 nr_cpu_ids:2 nr_node_ids:1
[    0.000000] PERCPU: Embedded 33 pages/cpu @ffff88003fc00000 s95640 r8192 d31336 u1048576
[    0.000000] Built 1 zonelists in Node order, mobility grouping on.  Total pages: 257912
[    0.000000] Policy zone: DMA32
[    0.000000] Kernel command line: BOOT_IMAGE=/boot/vmlinuz-4.4.0-201-generic root=LABEL=cloudimg-rootfs ro console=tty1 console=ttyS0
[    0.000000] PID hash table entries: 4096 (order: 3, 32768 bytes)
[    0.000000] Memory: 997656K/1048120K available (8641K kernel code, 1337K rwdata, 4044K rodata, 1492K init, 1296K bss, 50464K reserved, 0K cma-reserved)
[    0.000000] SLUB: HWalign=64, Order=0-3, MinObjects=0, CPUs=2, Nodes=1
[    0.000000] Kernel/User page tables isolation: enabled
[    0.000000] Hierarchical RCU implementation.
[    0.000000] 	Build-time adjustment of leaf fanout to 64.
[    0.000000] 	RCU restricting CPUs from NR_CPUS=512 to nr_cpu_ids=2.
[    0.000000] RCU: Adjusting geometry for rcu_fanout_leaf=64, nr_cpu_ids=2
[    0.000000] NR_IRQS:33024 nr_irqs:440 16
[    0.000000] Console: colour VGA+ 80x25
[    0.000000] console [tty1] enabled
[    0.000000] console [ttyS0] enabled
[    0.000000] tsc: Detected 3605.660 MHz processor
[    1.365891] Calibrating delay loop (skipped) preset value.. 7211.32 BogoMIPS (lpj=14422640)
[    1.385544] pid_max: default: 32768 minimum: 301
[    1.395863] ACPI: Core revision 20150930
[    1.407971] ACPI: 2 ACPI AML tables successfully acquired and loaded
[    1.420811] Security Framework initialized
[    1.429149] Yama: becoming mindful.
[    1.439261] AppArmor: AppArmor initialized
[    1.448813] Dentry cache hash table entries: 131072 (order: 8, 1048576 bytes)
[    1.475561] Inode-cache hash table entries: 65536 (order: 7, 524288 bytes)
[    1.487391] Mount-cache hash table entries: 2048 (order: 2, 16384 bytes)
[    1.499313] Mountpoint-cache hash table entries: 2048 (order: 2, 16384 bytes)
[    1.519206] Initializing cgroup subsys io
[    1.528312] Initializing cgroup subsys memory
[    1.536781] Initializing cgroup subsys devices
[    1.545385] Initializing cgroup subsys freezer
[    1.554053] Initializing cgroup subsys net_cls
[    1.564947] Initializing cgroup subsys perf_event
[    1.581475] Initializing cgroup subsys net_prio
[    1.592258] Initializing cgroup subsys hugetlb
[    1.600872] Initializing cgroup subsys pids
[    1.610286] mce: CPU supports 0 MCE banks
[    1.621364] Last level iTLB entries: 4KB 512, 2MB 8, 4MB 8
[    1.633761] Last level dTLB entries: 4KB 512, 2MB 32, 4MB 32, 1GB 0
[    1.645984] Spectre V1 : Mitigation: usercopy/swapgs barriers and __user pointer sanitization
[    1.664053] Spectre V2 : Mitigation: Full generic retpoline
[    1.677073] Spectre V2 : Spectre v2 / SpectreRSB mitigation: Filling RSB on context switch
[    1.694190] Speculative Store Bypass: Vulnerable
[    1.705333] SRBDS: Unknown: Dependent on hypervisor status
[    1.724192] MDS: Mitigation: Clear CPU buffers
[    1.779014] Freeing SMP alternatives memory: 36K
[    1.860604] ftrace: allocating 32361 entries in 127 pages
[    2.494203] smpboot: APIC(0) Converting physical 0 to logical package 0
[    2.509416] smpboot: Max logical packages: 1
[    2.519931] x2apic enabled
[    2.528432] Switched APIC routing to physical x2apic.
[    2.552383] ..TIMER: vector=0x30 apic1=0 pin1=2 apic2=-1 pin2=-1
[    2.672728] APIC calibration not consistent with PM-Timer: 104ms instead of 100ms
[    2.694178] APIC delta adjusted to PM-Timer: 6256300 (6526562)
[    2.711767] smpboot: CPU0: Intel(R) Core(TM) i7-3770K CPU @ 3.50GHz (family: 0x6, model: 0x3a, stepping: 0x9)
[    2.742862] Performance Events: unsupported p6 CPU model 58 no PMU driver, software events only.
[    2.850164] KVM setup paravirtual spinlock
[    2.859303] x86: Booting SMP configuration:
[    2.871485] .... node  #0, CPUs:      #1
[    2.884430] kvm-clock: cpu 1, msr 0:3ffe3041, secondary cpu clock
[    2.895161] mce: CPU supports 0 MCE banks
[    2.903144] x86: Booted up 1 node, 2 CPUs
[    2.914961] smpboot: Total of 2 processors activated (14422.64 BogoMIPS)
[    2.932312] devtmpfs: initialized
[    2.942643] evm: security.selinux
[    2.950956] evm: security.SMACK64
[    2.959807] evm: security.SMACK64EXEC
[    2.967259] evm: security.SMACK64TRANSMUTE
[    2.975178] evm: security.SMACK64MMAP
[    2.982547] evm: security.ima
[    2.989106] evm: security.capability
[    3.003343] clocksource: jiffies: mask: 0xffffffff max_cycles: 0xffffffff, max_idle_ns: 7645041785100000 ns
[    3.021128] futex hash table entries: 512 (order: 3, 32768 bytes)
[    3.031920] pinctrl core: initialized pinctrl subsystem
[    3.042960] RTC time:  0:29:49, date: 02/04/21
[    3.052379] NET: Registered protocol family 16
[    3.074217] cpuidle: using governor ladder
[    3.095167] cpuidle: using governor menu
[    3.103300] PCCT header not found.
[    3.110692] ACPI: bus type PCI registered
[    3.119034] acpiphp: ACPI Hot Plug PCI Controller Driver version: 0.5
[    3.130767] PCI: Using configuration type 1 for base access
[    3.156632] ACPI: Added _OSI(Module Device)
[    3.167626] ACPI: Added _OSI(Processor Device)
[    3.177553] ACPI: Added _OSI(3.0 _SCP Extensions)
[    3.188620] ACPI: Added _OSI(Processor Aggregator Device)
[    3.202259] ACPI: Executed 1 blocks of module-level executable AML code
[    3.224095] ACPI: Interpreter enabled
[    3.232120] ACPI: (supports S0 S5)
[    3.240690] ACPI: Using IOAPIC for interrupt routing
[    3.257821] PCI: Using host bridge windows from ACPI; if necessary, use "pci=nocrs" and report a bug
[    3.291388] ACPI: PCI Root Bridge [PCI0] (domain 0000 [bus 00-ff])
[    3.307581] acpi PNP0A03:00: _OSC: OS supports [ASPM ClockPM Segments MSI]
[    3.322962] acpi PNP0A03:00: _OSC: not requesting OS control; OS requires [ExtendedConfig ASPM ClockPM MSI]
[    3.346038] acpi PNP0A03:00: fail to add MMCONFIG information, can't access extended PCI configuration space under this bridge.
[    3.375669] PCI host bridge to bus 0000:00
[    3.386966] pci_bus 0000:00: root bus resource [io  0x0000-0x0cf7 window]
[    3.402592] pci_bus 0000:00: root bus resource [io  0x0d00-0xffff window]
[    3.421816] pci_bus 0000:00: root bus resource [mem 0x000a0000-0x000bffff window]
[    3.436952] pci_bus 0000:00: root bus resource [mem 0x40000000-0xfdffffff window]
[    3.455839] pci_bus 0000:00: root bus resource [bus 00-ff]
[    3.575424] pci 0000:00:01.1: legacy IDE quirk: reg 0x10: [io  0x01f0-0x01f7]
[    3.594375] pci 0000:00:01.1: legacy IDE quirk: reg 0x14: [io  0x03f6]
[    3.605860] pci 0000:00:01.1: legacy IDE quirk: reg 0x18: [io  0x0170-0x0177]
[    3.618090] pci 0000:00:01.1: legacy IDE quirk: reg 0x1c: [io  0x0376]
[    3.750520] pci 0000:00:07.0: quirk: [io  0x4000-0x403f] claimed by PIIX4 ACPI
[    3.766876] pci 0000:00:07.0: quirk: [io  0x4100-0x410f] claimed by PIIX4 SMB
[    3.818984] ACPI: PCI Interrupt Link [LNKA] (IRQs 5 9 10 *11)
[    3.836472] ACPI: PCI Interrupt Link [LNKB] (IRQs 5 9 *10 11)
[    3.852119] ACPI: PCI Interrupt Link [LNKC] (IRQs 5 *9 10 11)
[    3.868194] ACPI: PCI Interrupt Link [LNKD] (IRQs 5 9 10 *11)
[    3.884075] ACPI: Enabled 2 GPEs in block 00 to 07
[    3.897520] vgaarb: setting as boot device: PCI:0000:00:02.0
[    3.908700] vgaarb: device added: PCI:0000:00:02.0,decodes=io+mem,owns=io+mem,locks=none
[    3.925276] vgaarb: loaded
[    3.935385] vgaarb: bridge control possible 0000:00:02.0
[    3.948488] SCSI subsystem initialized
[    3.962200] ACPI: bus type USB registered
[    3.973317] usbcore: registered new interface driver usbfs
[    3.983319] usbcore: registered new interface driver hub
[    4.023219] usbcore: registered new device driver usb
[    4.091368] PCI: Using ACPI for IRQ routing
[    4.133365] NetLabel: Initializing
[    4.145829] NetLabel:  domain hash size = 128
[    4.159228] NetLabel:  protocols = UNLABELED CIPSOv4
[    4.170109] NetLabel:  unlabeled traffic allowed by default
[    4.183581] amd_nb: Cannot enumerate AMD northbridges
[    4.194410] clocksource: Switched to clocksource kvm-clock
[    4.240200] AppArmor: AppArmor Filesystem Enabled
[    4.250985] pnp: PnP ACPI init
[    4.265959] pnp: PnP ACPI: found 3 devices
[    4.305399] clocksource: acpi_pm: mask: 0xffffff max_cycles: 0xffffff, max_idle_ns: 2085701024 ns
[    4.321737] NET: Registered protocol family 2
[    4.331419] TCP established hash table entries: 8192 (order: 4, 65536 bytes)
[    4.344224] TCP bind hash table entries: 8192 (order: 5, 131072 bytes)
[    4.356184] TCP: Hash tables configured (established 8192 bind 8192)
[    4.367584] UDP hash table entries: 512 (order: 2, 16384 bytes)
[    4.380980] UDP-Lite hash table entries: 512 (order: 2, 16384 bytes)
[    4.395690] NET: Registered protocol family 1
[    4.406326] pci 0000:00:00.0: Limiting direct PCI/PCI transfers
[    4.422871] pci 0000:00:01.0: Activating ISA DMA hang workarounds
[    4.440042] Unpacking initramfs...
[    4.932826] Freeing initrd memory: 14888K
[    4.944084] RAPL PMU detected, API unit is 2^-32 Joules, 3 fixed counters 10737418240 ms ovfl timer
[    4.961450] hw unit of domain pp0-core 2^-0 Joules
[    4.970619] hw unit of domain package 2^-0 Joules
[    4.980574] hw unit of domain pp1-gpu 2^-0 Joules
[    4.993159] clocksource: tsc: mask: 0xffffffffffffffff max_cycles: 0x33f9363cf70, max_idle_ns: 440795282676 ns
[    5.012437] platform rtc_cmos: registered platform RTC device (no PNP device found)
[    5.028255] Scanning for low memory corruption every 60 seconds
[    5.040777] audit: initializing netlink subsys (disabled)
[    5.051172] audit: type=2000 audit(1612398596.795:1): initialized
[    5.064544] Initialise system trusted keyring
[    5.073896] HugeTLB registered 2 MB page size, pre-allocated 0 pages
[    5.086296] zbud: loaded
[    5.093229] VFS: Disk quotas dquot_6.6.0
[    5.102660] VFS: Dquot-cache hash table entries: 512 (order 0, 4096 bytes)
[    5.114751] squashfs: version 4.0 (2009/01/31) Phillip Lougher
[    5.125847] fuse init (API version 7.23)
[    5.134514] Key type big_key registered
[    5.142140] Allocating IMA MOK and blacklist keyrings.
[    5.160628] Key type asymmetric registered
[    5.169137] Asymmetric key parser 'x509' registered
[    5.178826] Block layer SCSI generic (bsg) driver version 0.4 loaded (major 249)
[    5.193784] io scheduler noop registered
[    5.201935] io scheduler deadline registered (default)
[    5.211716] io scheduler cfq registered
[    5.219770] pci_hotplug: PCI Hot Plug PCI Core version: 0.5
[    5.230421] pciehp: PCI Express Hot Plug Controller Driver version: 0.4
[    5.242366] ACPI: AC Adapter [AC] (on-line)
[    5.253988] input: Power Button as /devices/LNXSYSTM:00/LNXPWRBN:00/input/input0
[    5.269356] ACPI: Power Button [PWRF]
[    5.277915] input: Sleep Button as /devices/LNXSYSTM:00/LNXSLPBN:00/input/input1
[    5.293879] ACPI: Sleep Button [SLPF]
[    5.302948] GHES: HEST is not enabled!
[    5.311409] Serial: 8250/16550 driver, 32 ports, IRQ sharing enabled
[    5.350171] 00:02: ttyS0 at I/O 0x3f8 (irq = 4, base_baud = 115200) is a 16550A
[    5.394739] Linux agpgart interface v0.103
[    5.410382] loop: module loaded
[    5.419211] scsi host0: ata_piix
[    5.426694] scsi host1: ata_piix
[    5.433448] ata1: PATA max UDMA/33 cmd 0x1f0 ctl 0x3f6 bmdma 0xd000 irq 14
[    5.445730] ata2: PATA max UDMA/33 cmd 0x170 ctl 0x376 bmdma 0xd008 irq 15
[    5.458693] libphy: Fixed MDIO Bus: probed
[    5.467230] tun: Universal TUN/TAP device driver, 1.6
[    5.476769] tun: (C) 1999-2004 Max Krasnyansky <maxk@qualcomm.com>
[    5.488185] PPP generic driver version 2.4.2
[    5.497159] ehci_hcd: USB 2.0 'Enhanced' Host Controller (EHCI) Driver
[    5.509651] ehci-pci: EHCI PCI platform driver
[    5.518471] ehci-platform: EHCI generic platform driver
[    5.528336] ohci_hcd: USB 1.1 'Open' Host Controller (OHCI) Driver
[    5.539514] ohci-pci: OHCI PCI platform driver
[    5.548241] ohci-platform: OHCI generic platform driver
[    5.561591] uhci_hcd: USB Universal Host Controller Interface driver
[    5.573538] i8042: PNP: PS/2 Controller [PNP0303:PS2K,PNP0f03:PS2M] at 0x60,0x64 irq 1,12
[    5.592706] serio: i8042 KBD port at 0x60,0x64 irq 1
[    5.602113] serio: i8042 AUX port at 0x60,0x64 irq 12
[    5.612369] mousedev: PS/2 mouse device common for all mice
[    5.684259] input: AT Translated Set 2 keyboard as /devices/platform/i8042/serio0/input/input2
[    5.708715] rtc_cmos rtc_cmos: rtc core: registered rtc_cmos as rtc0
[    5.724690] rtc_cmos rtc_cmos: alarms up to one day, 114 bytes nvram
[    5.737204] i2c /dev entries driver
[    5.745230] device-mapper: uevent: version 1.0.3
[    5.755854] device-mapper: ioctl: 4.34.0-ioctl (2015-10-28) initialised: dm-devel@redhat.com
[    5.776098] ledtrig-cpu: registered to indicate activity on CPUs
[    5.790144] NET: Registered protocol family 10
[    5.800047] NET: Registered protocol family 17
[    5.810127] Key type dns_resolver registered
[    5.819985] registered taskstats version 1
[    5.828461] Loading compiled-in X.509 certificates
[    5.840532] Loaded X.509 cert 'Build time autogenerated kernel key: 9e5e2330314f2a00b0409bdb338e201244d5149f'
[    5.859345] zswap: loaded using pool lzo/zbud
[    5.871908] Key type trusted registered
[    5.885714] Key type encrypted registered
[    5.894014] AppArmor: AppArmor sha1 policy hashing enabled
[    5.904282] ima: No TPM chip found, activating TPM-bypass!
[    5.914625] ima: Allocated hash algorithm: sha1
[    5.923765] evm: HMAC attrs: 0x1
[    5.933535]   Magic number: 9:197:455
[    5.941959] rtc_cmos rtc_cmos: setting system clock to 2021-02-04 00:29:52 UTC (1612398592)
[    5.958709] BIOS EDD facility v0.16 2004-Jun-25, 0 devices found
[    5.969498] EDD information not available.
[    5.981061] Freeing unused kernel memory: 1492K
[    6.006710] Write protecting the kernel read-only data: 14336k
[    6.019507] Freeing unused kernel memory: 1588K
[    6.029651] Freeing unused kernel memory: 52K
Loading, please wait...
starting version 229
[    6.066618] random: udevadm: uninitialized urandom read (16 bytes read, 3 bits of entropy available)
[    6.067769] random: systemd-udevd: uninitialized urandom read (16 bytes read, 3 bits of entropy available)
[    6.067842] random: systemd-udevd: uninitialized urandom read (16 bytes read, 3 bits of entropy available)
[    6.067853] random: systemd-udevd: uninitialized urandom read (16 bytes read, 3 bits of entropy available)
[    6.067864] random: systemd-udevd: uninitialized urandom read (16 bytes read, 3 bits of entropy available)
[    6.163389] random: udevadm: uninitialized urandom read (16 bytes read, 3 bits of entropy available)
[    6.188354] random: systemd-udevd: uninitialized urandom read (16 bytes read, 3 bits of entropy available)
[    6.192187] random: udevadm: uninitialized urandom read (16 bytes read, 3 bits of entropy available)
[    6.192227] random: udevadm: uninitialized urandom read (16 bytes read, 3 bits of entropy available)
[    6.192365] random: udevadm: uninitialized urandom read (16 bytes read, 3 bits of entropy available)
[    6.302487] e1000: Intel(R) PRO/1000 Network Driver - version 7.3.21-k8-NAPI
[    6.315471] e1000: Copyright (c) 1999-2006 Intel Corporation.
[    6.327036] Fusion MPT base driver 3.04.20
[    6.335533] Copyright (c) 1999-2008 LSI Corporation
[    6.366001] Fusion MPT SPI Host driver 3.04.20
[    6.396540] AVX version of gcm_enc/dec engaged.
[    6.410761] AES CTR mode by8 optimization enabled
[    6.584601] input: ImExPS/2 Generic Explorer Mouse as /devices/platform/i8042/serio1/input/input4
[    7.456014] e1000 0000:00:03.0 eth0: (PCI:33MHz:32-bit) 02:e4:9f:83:fa:fa
[    7.468294] e1000 0000:00:03.0 eth0: Intel(R) PRO/1000 Network Connection
[    7.483098] mptbase: ioc0: Initiating bringup
[    7.484475] e1000 0000:00:03.0 enp0s3: renamed from eth0
[    8.096311] ioc0: LSI53C1030 A0: Capabilities={Initiator}
[   10.432922] scsi host2: ioc0: LSI53C1030 A0, FwRev=00000000h, Ports=1, MaxQ=256, IRQ=20
[   11.535773] scsi 2:0:0:0: Direct-Access     VBOX     HARDDISK         1.0  PQ: 0 ANSI: 5
[   11.554572] scsi target2:0:0: Beginning Domain Validation
[   11.576920] scsi target2:0:0: Domain Validation skipping write tests
[   11.714650] scsi target2:0:0: Ending Domain Validation
[   11.726089] scsi target2:0:0: asynchronous
[   11.740003] scsi 2:0:1:0: Direct-Access     VBOX     HARDDISK         1.0  PQ: 0 ANSI: 5
[   11.764046] scsi target2:0:1: Beginning Domain Validation
[   11.792188] scsi target2:0:1: Domain Validation skipping write tests
[   11.811631] scsi target2:0:1: Ending Domain Validation
[   11.828021] scsi target2:0:1: asynchronous
[   11.879829] sd 2:0:0:0: Attached scsi generic sg0 type 0
[   11.894809] sd 2:0:1:0: Attached scsi generic sg1 type 0
[   11.896680] sd 2:0:1:0: [sdb] 20480 512-byte logical blocks: (10.5 MB/10.0 MiB)
[   11.898078] sd 2:0:1:0: [sdb] Write Protect is off
[   11.899759] sd 2:0:0:0: [sda] 83886080 512-byte logical blocks: (42.9 GB/40.0 GiB)
[   11.901054] sd 2:0:0:0: [sda] Write Protect is off
[   11.903116] sd 2:0:1:0: [sdb] Incomplete mode parameter data
[   11.903117] sd 2:0:1:0: [sdb] Assuming drive cache: write through
[   11.905171] sd 2:0:0:0: [sda] Incomplete mode parameter data
[   11.905174] sd 2:0:0:0: [sda] Assuming drive cache: write through
[   11.923041]  sda: sda1
[   11.926409] sd 2:0:0:0: [sda] Attached SCSI disk
[   11.928192] sd 2:0:1:0: [sdb] Attached SCSI disk
Begin: Loading essential drivers ... [   15.832375] md: linear personality registered for level -1
[   15.852623] md: multipath personality registered for level -4
[   15.873061] md: raid0 personality registered for level 0
[   15.907946] md: raid1 personality registered for level 1
[   16.033549] raid6: sse2x1   gen() 14480 MB/s
[   16.248862] raid6: sse2x1   xor() 18593 MB/s
[   16.356584] raid6: sse2x2   gen() 17304 MB/s
[   16.696888] raid6: sse2x2   xor() 47370 MB/s
[   16.936936] raid6: sse2x4   gen() 24989 MB/s
[   17.160612] raid6: sse2x4   xor() 21310 MB/s
[   17.179556] raid6: using algorithm sse2x4 gen() 24989 MB/s
[   17.194739] raid6: .... xor() 21310 MB/s, rmw enabled
[   17.206928] raid6: using ssse3x2 recovery algorithm
[   17.219025] xor: automatically using best checksumming function:
[   17.275276]    avx       : 39575.000 MB/sec
[   17.298499] async_tx: api initialized (async)
[   17.348653] md: raid6 personality registered for level 6
[   17.361715] md: raid5 personality registered for level 5
[   17.373801] md: raid4 personality registered for level 4
[   17.411372] md: raid10 personality registered for level 10
done.
Begin: Running /scripts/init-premount ... done.
Begin: Mounting root file system ... Begin: Running /scripts/local-top ... done.
Begin: Running /scripts/local-premount ... [   17.515432] Btrfs loaded
Scanning for Btrfs filesystems
done.
Warning: fsck not present, so skipping root file system
[   17.587640] EXT4-fs (sda1): mounted filesystem with ordered data mode. Opts: (null)
done.
Begin: Running /scripts/local-bottom ... done.
Begin: Running /scripts/init-bottom ... done.
[   17.791925] systemd[1]: systemd 229 running in system mode. (+PAM +AUDIT +SELINUX +IMA +APPARMOR +SMACK +SYSVINIT +UTMP +LIBCRYPTSETUP +GCRYPT +GNUTLS +ACL +XZ -LZ4 +SECCOMP +BLKID +ELFUTILS +KMOD -IDN)
[   17.826745] systemd[1]: Detected virtualization oracle.
[   17.838496] systemd[1]: Detected architecture x86-64.

Welcome to [1mUbuntu 16.04.7 LTS[0m!

[   17.860899] systemd[1]: Set hostname to <ubuntu>.
[   17.877674] systemd[1]: Initializing machine ID from random generator.
[   17.893491] systemd[1]: Installed transient /etc/machine-id file.
[   18.146638] systemd[1]: Reached target System Time Synchronized.
[[0;32m  OK  [0m] Reached target System Time Synchronized.
[   18.164919] systemd[1]: Started Forward Password Requests to Wall Directory Watch.
[[0;32m  OK  [0m] Started Forward Password Requests to Wall Directory Watch.
[   18.189896] systemd[1]: Reached target Swap.
[[0;32m  OK  [0m] Reached target Swap.
[   18.211258] systemd[1]: Listening on Syslog Socket.
[[0;32m  OK  [0m] Listening on Syslog Socket.
[   18.229376] systemd[1]: Listening on udev Control Socket.
[[0;32m  OK  [0m] Listening on udev Control Socket.
[   18.248058] systemd[1]: Started Trigger resolvconf update for networkd DNS.
[[0;32m  OK  [0m] Started Trigger resolvconf update for networkd DNS.
[   18.272146] systemd[1]: Listening on LVM2 poll daemon socket.
[[0;32m  OK  [0m] Listening on LVM2 poll daemon socket.
[   18.291675] systemd[1]: Listening on Journal Socket (/dev/log).
[[0;32m  OK  [0m] Listening on Journal Socket (/dev/log).
[   18.313915] systemd[1]: Listening on Device-mapper event daemon FIFOs.
[[0;32m  OK  [0m] Listening on Device-mapper event daemon FIFOs.
[   18.334259] systemd[1]: Listening on Journal Audit Socket.
[[0;32m  OK  [0m] Listening on Journal Audit Socket.
[   18.351800] systemd[1]: Set up automount Arbitrary Executable File Formats File System Automount Point.
[[0;32m  OK  [0m] Set up automount Arbitrary Executab...ats File System Automount Point.
[   18.379456] systemd[1]: Reached target Encrypted Volumes.
[[0;32m  OK  [0m] Reached target Encrypted Volumes.
[   18.399552] systemd[1]: Listening on LVM2 metadata daemon socket.
[[0;32m  OK  [0m] Listening on LVM2 metadata daemon socket.
[   18.423419] systemd[1]: Created slice User and Session Slice.
[[0;32m  OK  [0m] Created slice User and Session Slice.
[   18.443166] systemd[1]: Created slice System Slice.
[[0;32m  OK  [0m] Created slice System Slice.
[   18.459626] systemd[1]: Reached target Slices.
[[0;32m  OK  [0m] Reached target Slices.
[   18.475890] systemd[1]: Created slice system-serial\x2dgetty.slice.
[[0;32m  OK  [0m] Created slice system-serial\x2dgetty.slice.
[   18.496078] systemd[1]: Listening on udev Kernel Socket.
[[0;32m  OK  [0m] Listening on udev Kernel Socket.
[   18.514645] systemd[1]: Listening on Journal Socket.
[[0;32m  OK  [0m] Listening on Journal Socket.
[   18.547016] systemd[1]: Starting Journal Service...
         Starting Journal Service...
[   18.571786] systemd[1]: Mounting POSIX Message Queue File System...
         Mounting POSIX Message Queue File System...
[   18.610758] systemd[1]: Starting Load Kernel Modules...
         Starting Load Kernel Modules...
[   18.635136] systemd[1]: Starting Nameserver information manager...
[
  18.651225] Loading iSCSI transport class v2.0-870.
         Starting Nameserver information manager...
[   18.668996] systemd[1]: Starting Set console keymap...
         Starting Set console keymap...
[   18.691088] iscsi: registered transport (tcp)
[   18.691971] systemd[1]: Starting Uncomplicated firewall...
         Starting Uncomplicated firewall...
[   18.722090] systemd[1]: Starting Create list of required static device nodes for the current kernel...
         Starting Create list of required st... nodes for the current kernel...
[   18.758185] systemd[1]: Starting Monitoring of LVM2 mirrors, snapshots etc. using dmeventd or progress polling...
         Starting Monitoring of LVM2 mirrors... dmeventd or progress polling...
[   18.792737] systemd[1]: Mounting Debug File System...
         Mounting Debug File System...
[   18.825979] systemd[1]: Mounting Huge Pages File System...
[   18.837739] random: nonblocking pool is initialized
         Mounting Huge Pages File System...
[   18.864763] systemd[1]: Reached target User and Group Name Lookups.
[[0;32m  OK  [0m] Reached target User and Group Name Lookups.
[   18.902783] systemd[1]: Starting Remount Root and Kernel File Systems...
         Starting Remount Root and Kernel File Systems...[   18.927395] EXT4-fs (sda1): re-mounted. Opts: (null)

[   18.937515] systemd[1]: Listening on /dev/initctl Compatibility Named Pipe.
[   18.954660] iscsi: registered transport (iser)
[[0;32m  OK  [0m] Listening on /dev/initctl Compatibility Named Pipe.
[   19.003193] systemd[1]: Mounted POSIX Message Queue File System.
[[0;32m  OK  [0m] Mounted POSIX Message Queue File System.
[   19.032127] systemd[1]: Mounted Debug File System.
[[0;32m  OK  [0m] Mounted Debug File System.
[   19.050967] systemd[1]: Mounted Huge Pages File System.
[[0;32m  OK  [0m] Mounted Huge Pages File System.
[   19.076655] systemd[1]: Started Journal Service.
[[0;32m  OK  [0m] Started Journal Service.
[[0;32m  OK  [0m] Started Load Kernel Modules.
[[0;32m  OK  [0m] Started Set console keymap.
[[0;32m  OK  [0m] Started Uncomplicated firewall.
[[0;32m  OK  [0m] Started Create list of required sta...ce nodes for the current kernel.
[[0;32m  OK  [0m] Started Remount Root and Kernel File Systems.
[[0;32m  OK  [0m] Started Nameserver information manager.
[[0;32m  OK  [0m] Started LVM2 metadata daemon.
         Starting udev Coldplug all Devices...
         Starting Load/Save Random Seed...
         Starting Create Static Device Nodes in /dev...
         Mounting FUSE Control File System...
         Starting Apply Kernel Variables...
         Starting Flush Journal to Persistent Storage...
[[0;32m  OK  [0m] Mounted FUSE Control File System.
[[0;32m  OK  [0m] Started Load/Save Random Seed.
[[0;32m  OK  [0m] Started Create Static Device Nodes in /dev.
[[0;32m  OK  [0m] Started Apply Kernel Variables.
[[0;32m  OK  [0m] Started udev Coldplug all Devices.
         Starting udev Kernel Device Manager...
[[0;32m  OK  [0m] Started Flush Journal to Persistent Storage.
[[0;32m  OK  [0m] Started udev Kernel Device Manager.
[[0;32m  OK  [0m] Started Dispatch Password Requests to Console Directory Watch.
[[0;32m  OK  [0m] Started Monitoring of LVM2 mirrors,...ng dmeventd or progress polling.
[[0;32m  OK  [0m] Reached target Local File Systems (Pre).
[[0;32m  OK  [0m] Reached target Local File Systems.
         Starting Create Volatile Files and Directories...
         Starting Initial cloud-init job (pre-networking)...
         Starting LSB: AppArmor initialization...
         Starting Commit a transient machine-id on disk...
         Starting Set console font and keymap...
         Starting Tell Plymouth To Write Out Runtime Data...
[[0;32m  OK  [0m] Started Create Volatile Files and Directories.
[[0;32m  OK  [0m] Started Tell Plymouth To Write Out Runtime Data.
[[0;32m  OK  [0m] Started Commit a transient machine-id on disk.
[[0;32m  OK  [0m] Found device /dev/ttyS0.
         Starting Update UTMP about System Boot/Shutdown...
[[0;32m  OK  [0m] Started Update UTMP about System Boot/Shutdown.
[[0;32m  OK  [0m] Listening on Load/Save RF Kill Switch Status /dev/rfkill Watch.
[[0;32m  OK  [0m] Started LSB: AppArmor initialization.
[   19.035654] cloud-init[481]: Cloud-init v. 20.4.1-0ubuntu1~16.04.1 running 'init-local' at Thu, 04 Feb 2021 00:30:08 +0000. Up 18.70 seconds.
[[0;32m  OK  [0m] Started Initial cloud-init job (pre-networking).
[[0;32m  OK  [0m] Reached target Network (Pre).
         Starting Raise network interfaces...
         Starting Load AppArmor profiles managed internally by snapd...
[[0;32m  OK  [0m] Started Load AppArmor profiles managed internally by snapd.
[[0;32m  OK  [0m] Started Set console font and keymap.
[[0;32m  OK  [0m] Created slice system-getty.slice.
[[0;32m  OK  [0m] Started Raise network interfaces.
         Starting Initial cloud-init job (metadata service crawler)...
[[0;32m  OK  [0m] Reached target Network.
[   27.021725] cloud-init[942]: Cloud-init v. 20.4.1-0ubuntu1~16.04.1 running 'init' at Thu, 04 Feb 2021 00:30:15 +0000. Up 26.31 seconds.
[   27.074008] cloud-init[942]: ci-info: ++++++++++++++++++++++++++++++++++++++Net device info++++++++++++++++++++++++++++++++++++++
[[0;32m  OK  [0m] Started Initial cloud-init job (metadata service crawler).
[   27.115490] [[0;32m  OK  [0m] Reached target System Initialization.
[[0;32m  OK  [0m] Started Daily apt download activities.
[[0;32m  OK  [0m] Started Daily apt upgrade and clean activities.
[[0;32m  OK  [0m] Listening on ACPID Listen Socket.
[[0;32m  OK  [0m] Started Daily Cleanup of Temporary Directories.
[[0;32m  OK  [0m] Listening on UUID daemon activation socket.
cloud-init[942]: [ci-info: +--------+------+----------------------------+---------------+--------+-------------------+[0;32m  OK  [0m
] Started ACPI Events Check.
[   27.170594] cloud-init[942]: ci-info: | Device |  Up  |          Address           |      Mask     | Scope  |     Hw-Address    |
[[0;32m  OK  [0m] Reached target Paths.
[   27.189054] cloud-init[942]: ci-info: +--------+------+----------------------------+---------------+--------+-------------------+[[0;32m  OK  [0m] Listening on D-Bus System Message Bus Socket.
[[0;32m  OK  [0m] Started Message of the Day.
[[0;32m  OK  [0m] Reached target Timers.
         Starting Socket activation for snappy daemon.

         Starting LXD - unix socket.
[   27.231963] [[0;32m  OK  [0m] Reached target Network is Online.
cloud-init[942]: ci-info: | enp0s3 | True |         10.0.2.15          | 255.255.255.0 | global | 02:e4:9f:83:fa:fa |
[   27.252234] cloud-init[942]:          Starting iSCSI initiator daemon (iscsid)...
[[0;32m  OK  [0m] Reached target Cloud-config availability.
[ci-info: | enp0s3 | True | fe80::e4:9fff:fe83:fafa/64 |       .       |  link  | 02:e4:9f:83:fa:fa |
[   27.276491] cloud-init[942]: ci-info: |   lo   | True |         127.0.0.1          |   255.0.0.0   |  host  |         .         |
[0;32m  OK  [0m] Listening on Socket activation for snappy daemon.
[   27.284462] [[0;32m  OK  [0m] Listening on LXD - unix socket.
[cloud-init[0;32m  OK  [0m] Reached target Sockets.
[[0;32m  OK  [0m] Reached target Basic System.
[942]: ci-info: |   lo   | True |          ::1/128           |       .       |  host  |         .         |
         Starting Pollinate to seed the pseudo random number generator...
[   27.331773]          Starting LSB: Record successful boot for GRUB...cloud-init[942]: 
         Starting /etc/rc.local Compatibility...
         Starting Virtualbox guest utils...
ci-info: +--------+------+----------------------------+---------------+--------+-------------------+[[0;32m  OK  [0m] Started FUSE filesystem for LXC.
         Starting System Logging Service...
         
Starting Accounts Service...
[   27.428548] cloud-init[942]: ci-info: +++++++++++++++++++++++++++Route IPv4 info++++++++++++++++++++++++++++
[   27.428841]          Starting LXD - container startup/shutdown...
cloud-init[942]: ci-info: +-------+-------------+----------+---------------+-----------+-------+
[[0;32m  OK  [0m[   27.458579] cloud-init[942]: ] Started ACPI event daemon.
         ci-info: | Route | Destination | Gateway  |    Genmask    | Interface | Flags |
Starting LSB: MD monitoring daemon...
[   27.475556] cloud-init[942]: ci-info: +-------+-------------+----------+---------------+-----------+-------+
[[0;32m  OK  [0m] Started Deferred execution scheduler.
[   27.483252] [[0;32m  OK  [0m] Started Regular background program processing daemon.
[[0;32m  OK  [0m] Started D-Bus System Message Bus.
cloud-init[942]: ci-info: |   0   |   0.0.0.0   | 10.0.2.2 |    0.0.0.0    |   enp0s3  |   UG  |
[   27.541525] cloud-init[942]: ci-info: |   1   |   10.0.2.0  | 0.0.0.0  | 255.255.255.0 |   enp0s3  |   U   |
[   27.562199] cloud-init[942]: ci-info: +-------+-------------+----------+---------------+-----------+-------+
[   27.579411] cloud-init[942]: ci-info: +++++++++++++++++++Route IPv6 info+++++++++++++++++++
[   27.594089] cloud-init[942]: ci-info: +-------+-------------+---------+-----------+-------+
[   27.619228] cloud-init[942]: ci-info: | Route | Destination | Gateway | Interface | Flags |
[   27.634959]          Starting Login Service...
         Starting Snap Daemon...
[[0;32m  OK  [0m] Started System Logging Service.
[cloud-init[942]: [0;32m  OK  [0m] Started iSCSI initiator daemon (iscsid).
[ci-info: +-------+-------------+---------+-----------+-------+[0;32m  OK  [0m] Started /etc/rc.local Compatibility.
         Starting Login to default iSCSI targets...

[   27.701676] cloud-init[942]: ci-info: |   0   |  fe80::/64  |    ::   |   enp0s3  |   U   |
[   27.739388]          Starting Authenticate and Authorize Users to Run Privileged Tasks...
[cloud-init[0;32m  OK  [0m] Started Login Service.
[[0;32m  OK  [0m] Started LSB: MD monitoring daemon.
[942]: ci-info: |   3   |   ff00::/8  |    ::   |   enp0s3  |   U   |
[   27.846211] cloud-init[942]: ci-info: +-------+-------------+---------+-----------+-------+[[0;32m  OK  [0m] Started Unattended Upgrades Shutdown.

[[0;32m  OK  [0m] Started Login to default iSCSI targets.
[[0;32m  OK  [0m] Started Authenticate and Authorize Users to Run Privileged Tasks.
[[0;32m  OK  [0m] Started Accounts Service.
[[0;32m  OK  [0m] Reached target Remote File Systems (Pre).
[[0;32m  OK  [0m] Reached target Remote File Systems.
[   27.952881] cloud-init[942]: Generating public/private rsa key pair.
[   28.081644] cloud-init[942]: Your identification has been saved in /etc/ssh/ssh_host_rsa_key.
         Starting LSB: daemon to balance interrupts for SMP systems...
[   28.157483]          Starting LSB: Set the CPU Frequency Scaling governor to "ondemand"...
         cloud-init[942]: Your public key has been saved in /etc/ssh/ssh_host_rsa_key.pub.
[   28.173279] cloud-init[942]: The key fingerprint is:
[   28.173378] Starting LSB: automatic crash report generation...
cloud-init[942]: SHA256:sH53OxyyiFIsEnJjn76srCxKx9lq3gvTUrZC5c1onww root@ubuntu-xenial
         Starting Permit User Sessions...
[   28.288257] cloud-init[942]: The key's randomart image is:
[   28.310594] cloud-init[942]: +---[RSA 2048]----+
[   28.318999] cloud-init[942]: |                 |
[   28.333083] cloud-init[[0;32m  OK  [0m] Started LSB: Record successful boot for GRUB.
[[0;32m  OK  [0m] Started LXD - container startup/shutdown.
[[0;32m  OK  [0m] Started Permit User Sessions.
[942]: |                 |
[   28.400545] cloud-init[942]: |     ..          |
[   28.425211] cloud-init[942]: |. = o +o         |
[   28.426516] cloud-init[942]: | + = E.oS        |
[   28.436283] cloud-init[942]: |  + @.B . . .    |
[   28.438739]          Starting Terminate Plymouth Boot Screen...
cloud-init[942]: | . @ *.=...+..   |
         [   28.478600] cloud-init[942]: |+..oX ......o.   |
[   28.483598] Starting Hold until boot process finishes up...
cloud-init[942]: |=o=+o=.     ..   |
[   28.525563] [[0;32m  OK  [0m] Started Virtualbox guest utils.
cloud-init[942]: +----[SHA256]-----+
[   28.581455] cloud-init[942]: Generating public/private dsa key pair.
[   28.585898] cloud-init[942]: Your identification has been saved in /etc/ssh/ssh_host_dsa_key.
[   28.594428] cloud-init[[0;32m  OK  [0m] Started Terminate Plymouth Boot Screen.
[[942]: Your public key has been saved in /etc/ssh/ssh_host_dsa_key.pub.
[   28.619423] cloud-init[942]: The key fingerprint is:
[   28.631447] cloud-init[942]: SHA256:02pydSjLqwDnv3AtgPLTUccF+v3LJ3flyT8gR0vF620 root@ubuntu-xenial
[   28.631712] cloud-init[942]: The key's randomart image is:
[   28.631918] cloud-init[942]: +---[DSA 1024]----+
[   28.633826] cloud-init[942]: |        ...   .  |
[   28.667167] cloud-init[942]: |       o .     o |
[   28.669012] cloud-init[942]: |      o o     . .|
[   28.671357] cloud-init[942]: |   . . o o . o . |
[   28.671794] cloud-init[942]: |. o +   S = + o .|
[   28.717059] cloud-init[942]: | o = o o * + + .E|
[   28.724555] cloud-init[942]: |  o = + B   + ooo|
[   28.725110] [0;32m  OK  [0m] Started Hold until boot process finishes up.
cloud-init[942]: |   . = = . ...o+o|
[   28.773584] cloud-init[942]: |      +o.   o+ .+|
[   28.783746] cloud-init[942]: +----[SHA256]-----+
[   28.793750] cloud-init[942]: Generating public/private ecdsa key pair.
[[0;32m  OK  [0m] Started Getty on tty1.
[   28.798411] cloud-init[942]: Your identification has been saved in /etc/ssh/ssh_host_ecdsa_key.
[   28.854457] cloud-init[942]: Your public key has been saved in /etc/ssh/ssh_host_ecdsa_key.pub.
[[   28.901230] cloud-init[942]: The key fingerprint is:
[   28.901950] cloud-init[942]: SHA256:MfMy6JnhZoTRvqSqRdgcAomA5enivegGcZGYuaQjbvI root@ubuntu-xenial
[   28.912667] cloud-init[942]: The key's randomart image is:
[   28.918983] cloud-init[942]: +---[ECDSA 256]---+
[   28.941214] cloud-init[942]: |**..             |
[   28.943184] [0;32m  OK  [0mcloud-init[942]: |Ooo. .           |
[   28.950953] cloud-init[942]: |+.+.. . +        |
[   28.955615] cloud-init[942]: |**.. + . =       |
[   28.955729] cloud-init[942]: |=+= . * S .      |
[   28.965981] cloud-init[942]: |+=.  * = o       |
[   28.984426] cloud-init[942]: |+o... O          |
[   28.989282] cloud-init] Started Serial Getty on ttyS0.
[[0;32m  OK  [0m] Reached target Login Prompts.
[942]: | oE..o           |
[   29.038531] cloud-init[942]: |++..             |
[   29.046340] cloud-init[942]: +----[SHA256]-----+
         Starting Set console scheme...
[   29.054709] cloud-init[942]: Generating public/private ed25519 key pair.
[[0;32m  OK  [0m] Started Pollinate to seed the pseudo random number generator.
[   29.075870] cloud-init[942]: Your identification has been saved in /etc/ssh/ssh_host_ed25519_key.
[[0;32m  OK  [0m] Started LSB: daemon to balance interrupts for SMP systems.
[[0;32m  OK  [0m] Started LSB: Set the CPU Frequency Scaling governor to "ondemand".
[   29.095208] cloud-init[942]: Your public key has been saved in /etc/ssh/ssh_host_ed25519_key.pub.
[[   29.136597] cloud-init[942]: The key fingerprint is:
[   29.138991] cloud-init[942]: SHA256:tLUyhamXsg978UuV6KGgUZY1O1IWbsBEsyXxzM0rjqQ root@ubuntu-xenial
[   29.146086] cloud-init[942]: The key's randomart image is:
[   29.146204] cloud-init[942]: +--[ED25519 256]--+
[   29.166862] cloud-init[942]: |     +B.B.       |
[   29.167221] cloud-init[942]: |      ./ B       |
[   29.173455] cloud-init[942]: |      * % =      |
[   29.176954] cloud-init[942]: |     o = * + .   |
[   29.183031] cloud-init[942]: |    . = S = o    |
[   29.186458] cloud-init[942]: |     = B.* o     |
[   29.192813] cloud-init[942]: |    E + ooo      |
[   29.207132] cloud-init[942]: |       +...      |
[   29.208399] cloud-init[942]: |      ... ..     |
[   29.208550] cloud-init[942]: +----[SHA256]-----+
[0;32m  OK  [0m] Started LSB: automatic crash report generation.
[[0;32m  OK  [0m] Started Set console scheme.
         Starting OpenBSD Secure Shell server...
[[0;32m  OK  [0m] Started OpenBSD Secure Shell server.
[[0;32m  OK  [0m] Started Snap Daemon.
         Starting Wait until snapd is fully seeded...
[[0;32m  OK  [0m] Created slice User Slice of vagrant.
         Starting User Manager for UID 1000...
[[0;32m  OK  [0m] Started Session 1 of user vagrant.
[[0;32m  OK  [0m] Started User Manager for UID 1000.
[[0;32m  OK  [0m] Started Wait until snapd is fully seeded.
[[0;32m  OK  [0m] Reached target Multi-User System.
[[0;32m  OK  [0m] Reached target Graphical Interface.
         Starting Update UTMP about System Runlevel Changes...
         Starting Apply the settings specified in cloud-config...
[[0;32m  OK  [0m] Started Update UTMP about System Runlevel Changes.
         Stopping User Manager for UID 1000...
[[0;32m  OK  [0m] Stopped User Manager for UID 1000.
[[0;32m  OK  [0m] Removed slice User Slice of vagrant.
[   32.715469] cloud-init[1448]: Generating locales (this might take a while)...
[[0;32m  OK  [0m] Created slice User Slice of vagrant.
         Starting User Manager for UID 1000...
[[0;32m  OK  [0m] Started Session 2 of user vagrant.
[[0;32m  OK  [0m] Started User Manager for UID 1000.
[   34.226923] cloud-init[1448]:   en_US.UTF-8... done
[   34.234008] cloud-init[1448]: Generation complete.
[   34.631038] cloud-init[1448]: Cloud-init v. 20.4.1-0ubuntu1~16.04.1 running 'modules:config' at Thu, 04 Feb 2021 00:30:22 +0000. Up 32.52 seconds.

Ubuntu 16.04.7 LTS ubuntu-xenial ttyS0

ubuntu-xenial login: ci-info: no authorized SSH keys fingerprints found for user ubuntu.
<14>Feb  4 00:30:24 ec2: 
<14>Feb  4 00:30:24 ec2: #############################################################
<14>Feb  4 00:30:24 ec2: -----BEGIN SSH HOST KEY FINGERPRINTS-----
<14>Feb  4 00:30:24 ec2: 1024 SHA256:02pydSjLqwDnv3AtgPLTUccF+v3LJ3flyT8gR0vF620 root@ubuntu-xenial (DSA)
<14>Feb  4 00:30:24 ec2: 256 SHA256:MfMy6JnhZoTRvqSqRdgcAomA5enivegGcZGYuaQjbvI root@ubuntu-xenial (ECDSA)
<14>Feb  4 00:30:24 ec2: 256 SHA256:tLUyhamXsg978UuV6KGgUZY1O1IWbsBEsyXxzM0rjqQ root@ubuntu-xenial (ED25519)
<14>Feb  4 00:30:24 ec2: 2048 SHA256:sH53OxyyiFIsEnJjn76srCxKx9lq3gvTUrZC5c1onww root@ubuntu-xenial (RSA)
<14>Feb  4 00:30:24 ec2: -----END SSH HOST KEY FINGERPRINTS-----
<14>Feb  4 00:30:24 ec2: #############################################################
-----BEGIN SSH HOST KEY KEYS-----
ecdsa-sha2-nistp256 AAAAE2VjZHNhLXNoYTItbmlzdHAyNTYAAAAIbmlzdHAyNTYAAABBBA2lFtMzYUgSoq+pancyoXfT/tzUPabITglBs3A+R6OqjI+SbaCHevj1i25apR2sED9AUqW1yooTSAFFPlYYwRc= root@ubuntu-xenial
ssh-ed25519 AAAAC3NzaC1lZDI1NTE5AAAAIFWR5eo0cxuHpbs1VA9ga65Gd3jN6nE6zWR/xE7Vcg1j root@ubuntu-xenial
ssh-rsa AAAAB3NzaC1yc2EAAAADAQABAAABAQCl99+Sb/TZqlU0H8+KzimjZw4cHL2DRyYMgxo6/elYgW7RRW4dHhAamAW8WW42U7s9NskUQmlpAgMyLKw5B3AjOgJngYFM9B7u3qzQbMz4RHrSDk0BkD6cZOngcIN3gYCgy0Y2J9FgiSr+yvyHgDKtQcLZ+rrMpCbpyTi4dCpLMK5cS11SBixnMuBIHfDv6kVfLxYKCSlZI5G6X3Z0HF4T4fIsWPMKj0zD7CjOwa/OMXyWSmHzAEx+ugn3fbQsf/qimmKpKPvYnXl5VXG0+Pg/+6aO+HYhyafHCm4zKKieGECEcA/+pvPsR0D0AcoDZGZuIBT9tknKcv8sdAImOfS5 root@ubuntu-xenial
-----END SSH HOST KEY KEYS-----
[   35.204422] cloud-init[1604]: Cloud-init v. 20.4.1-0ubuntu1~16.04.1 running 'modules:final' at Thu, 04 Feb 2021 00:30:24 +0000. Up 34.99 seconds.
[   35.224457] cloud-init[1604]: ci-info: no authorized SSH keys fingerprints found for user ubuntu.
[   35.224706] cloud-init[1604]: Cloud-init v. 20.4.1-0ubuntu1~16.04.1 finished at Thu, 04 Feb 2021 00:30:24 +0000. Datasource DataSourceNoCloud [seed=/dev/sdb][dsmode=net].  Up 35.17 seconds
[[0;32m  OK  [0m] Closed Load/Save RF Kill Switch Status /dev/rfkill Watch.
         Stopping Authenticate and Authorize Users to Run Privileged Tasks...
[[0;32m  OK  [0m] Stopped target Cloud-init target.
         Stopping Session 3 of user vagrant.
[[0;32m  OK  [0m] Stopped target Graphical Interface.
         Stopping Accounts Service...
[[0;32m  OK  [0m] Stopped Execute cloud user/final scripts.
[[0;32m  OK  [0m] Stopped Apply the settings specified in cloud-config.
[[0;32m  OK  [0m] Stopped target Multi-User System.
         Stopping Deferred execution scheduler...
         Stopping LXD - container startup/shutdown...
[[0;32m  OK  [0m] Stopped Wait until snapd is fully seeded.
         Stopping LSB: automatic crash report generation...
         Stopping Regular background program processing daemon...
         Stopping LSB: Record successful boot for GRUB...
         Stopping LSB: Set the CPU Frequency Scaling governor to "ondemand"...
         Stopping Virtualbox guest utils...
         Stopping LSB: daemon to balance interrupts for SMP systems...
         Stopping FUSE filesystem for LXC...
[[0;32m  OK  [0m] Stopped target Login Prompts.
         Stopping Serial Getty on ttyS0...
         Stopping Getty on tty1...
         Stopping LSB: MD monitoring daemon...
[[0;32m  OK  [0m] Stopped target Cloud-config availability.
         Stopping User Manager for UID 1000...
         Stopping D-Bus System Message Bus...
         Stopping System Logging Service...
         Stopping OpenBSD Secure Shell server...
         Stopping ACPI event daemon...
[[0;32m  OK  [0m] Stopped target Timers.
[[0;32m  OK  [0m] Stopped Message of the Day.
[[0;32m  OK  [0m] Stopped Daily apt upgrade and clean activities.
[[0;32m  OK  [0m] Stopped Daily apt download activities.
[[0;32m  OK  [0m] Stopped target System Time Synchronized.
[[0;32m  OK  [0m] Stopped Daily Cleanup of Temporary Directories.
[[0;32m  OK  [0m] Unmounted /var/lib/lxcfs.
[[0;32m  OK  [0m] Stopped System Logging Service.
[[0;32m  OK  [0m] Stopped Accounts Service.
[[0;32m  OK  [0m] Stopped ACPI event daemon.
[[0;32m  OK  [0m] Stopped Deferred execution scheduler.
[[0;32m  OK  [0m] Stopped Regular background program processing daemon.
[[0;32m  OK  [0m] Stopped Authenticate and Authorize Users to Run Privileged Tasks.
[[0;32m  OK  [0m] Stopped Getty on tty1.
[[0;32m  OK  [0m] Stopped Serial Getty on ttyS0.
[[0;32m  OK  [0m] Stopped OpenBSD Secure Shell server.
[[0;32m  OK  [0m] Stopped User Manager for UID 1000.
[[0;32m  OK  [0m] Stopped Session 3 of user vagrant.
[[0;32m  OK  [0m] Stopped D-Bus System Message Bus.
[[0;32m  OK  [0m] Stopped FUSE filesystem for LXC.
[[0;32m  OK  [0m] Stopped LXD - container startup/shutdown.
[[0;32m  OK  [0m] Stopped LSB: Record successful boot for GRUB.
[[0;32m  OK  [0m] Stopped LSB: automatic crash report generation.
[[0;32m  OK  [0m] Stopped LSB: Set the CPU Frequency Scaling governor to "ondemand".
[[0;32m  OK  [0m] Stopped LSB: daemon to balance interrupts for SMP systems.
[[0;32m  OK  [0m] Removed slice User Slice of vagrant.
         Stopping Login Service...
[[0;32m  OK  [0m] Removed slice system-serial\x2dgetty.slice.
         Stopping Permit User Sessions...
[[0;32m  OK  [0m] Removed slice system-getty.slice.
[[0;32m  OK  [0m] Stopped /etc/rc.local Compatibility.
[[0;32m  OK  [0m] Stopped Virtualbox guest utils.
[[0;32m  OK  [0m] Stopped LSB: MD monitoring daemon.
[[0;32m  OK  [0m] Stopped Permit User Sessions.
[[0;32m  OK  [0m] Stopped target Remote File Systems.
[[0;32m  OK  [0m] Stopped target Remote File Systems (Pre).
         Stopping Login to default iSCSI targets...
[[0;32m  OK  [0m] Stopped Login Service.
[[0;32m  OK  [0m] Stopped target Basic System.
[[0;32m  OK  [0m] Stopped target Slices.
[[0;32m  OK  [0m] Removed slice User and Session Slice.
[[0;32m  OK  [0m] Stopped target Sockets.
[[0;32m  OK  [0m] Closed LXD - unix socket.
[[0;32m  OK  [0m] Closed Socket activation for snappy daemon.
[[0;32m  OK  [0m] Closed ACPID Listen Socket.
[[0;32m  OK  [0m] Closed UUID daemon activation socket.
[[0;32m  OK  [0m] Closed D-Bus System Message Bus Socket.
[[0;32m  OK  [0m] Closed Syslog Socket.
[[0;32m  OK  [0m] Stopped target Paths.
[[0;32m  OK  [0m] Stopped Dispatch Password Requests to Console Directory Watch.
[[0;32m  OK  [0m] Stopped ACPI Events Check.
[[0;32m  OK  [0m] Stopped target System Initialization.
[[0;32m  OK  [0m] Stopped target Swap.
         Stopping Load/Save Random Seed...
[[0;32m  OK  [0m] Stopped Create Volatile Files and Directories.
[[0;32m  OK  [0m] Stopped target Encrypted Volumes.
[[0;32m  OK  [0m] Stopped Commit a transient machine-id on disk.
[[0;32m  OK  [0m] Stopped Forward Password Requests to Wall Directory Watch.
[[0;32m  OK  [0m] Stopped target User and Group Name Lookups.
[[0;32m  OK  [0m] Stopped Load/Save Random Seed.
[[0;32m  OK  [0m] Stopped Login to default iSCSI targets.
         Stopping iSCSI initiator daemon (iscsid)...
[[0;32m  OK  [0m] Stopped iSCSI initiator daemon (iscsid).
[[0;32m  OK  [0m] Stopped target Network is Online.
[[0;32m  OK  [0m] Stopped Initial cloud-init job (metadata service crawler).
[[0;32m  OK  [0m] Stopped target Network.
         Stopping Raise network interfaces...
[[0;32m  OK  [0m] Stopped Raise network interfaces.
[[0;32m  OK  [0m] Stopped target Network (Pre).
[[0;32m  OK  [0m] Stopped Initial cloud-init job (pre-networking).
[[0;32m  OK  [0m] Stopped Apply Kernel Variables.
[[0;32m  OK  [0m] Stopped Load Kernel Modules.
[[0;32m  OK  [0m] Stopped target Local File Systems.
         Unmounting /run/user/1000...
         Unmounting /vagrant...
[[0;32m  OK  [0m] Unmounted /run/user/1000.
[[0;32m  OK  [0m] Unmounted /vagrant.
[[0;32m  OK  [0m] Reached target Unmount All Filesystems.
[[0;32m  OK  [0m] Stopped target Local File Systems (Pre).
[[0;32m  OK  [0m] Stopped Create Static Device Nodes in /dev.
[[0;32m  OK  [0m] Stopped Remount Root and Kernel File Systems.
[[0;32m  OK  [0m] Reached target Shutdown.
[   95.244145] reboot: Power down
